

================================================================
== Vitis HLS Report for 'dft'
================================================================
* Date:           Sat Nov  8 08:27:33 2025

* Version:        2025.1 (Build 6135595 on May 21 2025)
* Project:        dft.comp
* Solution:       hls (Vivado IP Flow Target)
* Product family: zynq
* Target device:  xc7z020-clg400-1


================================================================
== Performance Estimates
================================================================
+ Timing: 
    * Summary: 
    +--------+----------+----------+------------+
    |  Clock |  Target  | Estimated| Uncertainty|
    +--------+----------+----------+------------+
    |ap_clk  |  10.00 ns|  6.562 ns|     2.70 ns|
    +--------+----------+----------+------------+

+ Latency: 
    * Summary: 
    +---------+---------+----------+----------+--------+--------+-------------------------------------------------+
    |  Latency (cycles) |  Latency (absolute) |     Interval    |                     Pipeline                    |
    |   min   |   max   |    min   |    max   |   min  |   max  |                       Type                      |
    +---------+---------+----------+----------+--------+--------+-------------------------------------------------+
    |   209950|   209950|  2.099 ms|  2.099 ms|  209949|  209949|  loop auto-rewind stp (delay=29 clock cycles(s))|
    +---------+---------+----------+----------+--------+--------+-------------------------------------------------+

    + Detail: 
        * Instance: 
        N/A

        * Loop: 
        +-----------------------------------+---------+---------+----------+-----------+-----------+--------+----------+
        |                                   |  Latency (cycles) | Iteration|  Initiation Interval  |  Trip  |          |
        |             Loop Name             |   min   |   max   |  Latency |  achieved |   target  |  Count | Pipelined|
        +-----------------------------------+---------+---------+----------+-----------+-----------+--------+----------+
        |- VITIS_LOOP_17_1_VITIS_LOOP_18_2  |   209948|   209948|        30|          1|          1|  209920|       yes|
        +-----------------------------------+---------+---------+----------+-----------+-----------+--------+----------+



================================================================
== Utilization Estimates
================================================================
* Summary: 
+-----------------+---------+-----+--------+-------+-----+
|       Name      | BRAM_18K| DSP |   FF   |  LUT  | URAM|
+-----------------+---------+-----+--------+-------+-----+
|DSP              |        -|    1|       -|      -|    -|
|Expression       |        -|    -|       0|   8415|    -|
|FIFO             |        -|    -|       -|      -|    -|
|Instance         |        -|  187|    7950|   3277|    -|
|Memory           |       60|    -|       0|      0|    -|
|Multiplexer      |        -|    -|       0|     99|    -|
|Register         |        -|    -|   10321|   1280|    -|
+-----------------+---------+-----+--------+-------+-----+
|Total            |       60|  188|   18271|  13071|    0|
+-----------------+---------+-----+--------+-------+-----+
|Available        |      280|  220|  106400|  53200|    0|
+-----------------+---------+-----+--------+-------+-----+
|Utilization (%)  |       21|   85|      17|     24|    0|
+-----------------+---------+-----+--------+-------+-----+

+ Detail: 
    * Instance: 
    +------------------------------+--------------------------+---------+----+-----+-----+-----+
    |           Instance           |          Module          | BRAM_18K| DSP|  FF | LUT | URAM|
    +------------------------------+--------------------------+---------+----+-----+-----+-----+
    |fpext_32ns_64_2_no_dsp_1_U1   |fpext_32ns_64_2_no_dsp_1  |        0|   0|    0|    0|    0|
    |fpext_32ns_64_2_no_dsp_1_U2   |fpext_32ns_64_2_no_dsp_1  |        0|   0|    0|    0|    0|
    |fpext_32ns_64_2_no_dsp_1_U3   |fpext_32ns_64_2_no_dsp_1  |        0|   0|    0|    0|    0|
    |fpext_32ns_64_2_no_dsp_1_U4   |fpext_32ns_64_2_no_dsp_1  |        0|   0|    0|    0|    0|
    |fpext_32ns_64_2_no_dsp_1_U5   |fpext_32ns_64_2_no_dsp_1  |        0|   0|    0|    0|    0|
    |fpext_32ns_64_2_no_dsp_1_U6   |fpext_32ns_64_2_no_dsp_1  |        0|   0|    0|    0|    0|
    |fpext_32ns_64_2_no_dsp_1_U7   |fpext_32ns_64_2_no_dsp_1  |        0|   0|    0|    0|    0|
    |fpext_32ns_64_2_no_dsp_1_U8   |fpext_32ns_64_2_no_dsp_1  |        0|   0|    0|    0|    0|
    |fpext_32ns_64_2_no_dsp_1_U9   |fpext_32ns_64_2_no_dsp_1  |        0|   0|    0|    0|    0|
    |fpext_32ns_64_2_no_dsp_1_U10  |fpext_32ns_64_2_no_dsp_1  |        0|   0|    0|    0|    0|
    |mul_10ns_12ns_21_1_1_U33      |mul_10ns_12ns_21_1_1      |        0|   1|    0|    6|    0|
    |mul_10ns_12ns_21_1_1_U35      |mul_10ns_12ns_21_1_1      |        0|   1|    0|    6|    0|
    |mul_10ns_12ns_21_1_1_U37      |mul_10ns_12ns_21_1_1      |        0|   1|    0|    6|    0|
    |mul_10ns_12ns_21_1_1_U39      |mul_10ns_12ns_21_1_1      |        0|   1|    0|    6|    0|
    |mul_10ns_12ns_21_1_1_U43      |mul_10ns_12ns_21_1_1      |        0|   1|    0|    6|    0|
    |mul_10ns_12ns_21_1_1_U44      |mul_10ns_12ns_21_1_1      |        0|   1|    0|    6|    0|
    |mul_10s_10s_10_1_1_U34        |mul_10s_10s_10_1_1        |        0|   0|    0|   63|    0|
    |mul_11ns_13ns_23_1_1_U32      |mul_11ns_13ns_23_1_1      |        0|   1|    0|    6|    0|
    |mul_45s_45s_70_5_1_U11        |mul_45s_45s_70_5_1        |        0|   9|  310|   76|    0|
    |mul_45s_45s_70_5_1_U12        |mul_45s_45s_70_5_1        |        0|   9|  310|   76|    0|
    |mul_45s_45s_70_5_1_U13        |mul_45s_45s_70_5_1        |        0|   9|  310|   76|    0|
    |mul_45s_45s_70_5_1_U14        |mul_45s_45s_70_5_1        |        0|   9|  310|   76|    0|
    |mul_45s_45s_70_5_1_U15        |mul_45s_45s_70_5_1        |        0|   9|  310|   76|    0|
    |mul_45s_45s_70_5_1_U16        |mul_45s_45s_70_5_1        |        0|   9|  310|   76|    0|
    |mul_45s_45s_70_5_1_U17        |mul_45s_45s_70_5_1        |        0|   9|  310|   76|    0|
    |mul_45s_45s_70_5_1_U18        |mul_45s_45s_70_5_1        |        0|   9|  310|   76|    0|
    |mul_45s_45s_70_5_1_U19        |mul_45s_45s_70_5_1        |        0|   9|  310|   76|    0|
    |mul_45s_45s_70_5_1_U20        |mul_45s_45s_70_5_1        |        0|   9|  310|   76|    0|
    |mul_45s_45s_70_5_1_U21        |mul_45s_45s_70_5_1        |        0|   9|  310|   76|    0|
    |mul_45s_45s_70_5_1_U22        |mul_45s_45s_70_5_1        |        0|   9|  310|   76|    0|
    |mul_45s_45s_70_5_1_U23        |mul_45s_45s_70_5_1        |        0|   9|  310|   76|    0|
    |mul_45s_45s_70_5_1_U24        |mul_45s_45s_70_5_1        |        0|   9|  310|   76|    0|
    |mul_45s_45s_70_5_1_U25        |mul_45s_45s_70_5_1        |        0|   9|  310|   76|    0|
    |mul_45s_45s_70_5_1_U26        |mul_45s_45s_70_5_1        |        0|   9|  310|   76|    0|
    |mul_45s_45s_70_5_1_U27        |mul_45s_45s_70_5_1        |        0|   9|  310|   76|    0|
    |mul_45s_45s_70_5_1_U28        |mul_45s_45s_70_5_1        |        0|   9|  310|   76|    0|
    |mul_45s_45s_70_5_1_U29        |mul_45s_45s_70_5_1        |        0|   9|  310|   76|    0|
    |mul_45s_45s_70_5_1_U30        |mul_45s_45s_70_5_1        |        0|   9|  310|   76|    0|
    |sparsemux_11_3_32_1_1_U47     |sparsemux_11_3_32_1_1     |        0|   0|    0|   25|    0|
    |sparsemux_11_3_32_1_1_U48     |sparsemux_11_3_32_1_1     |        0|   0|    0|   25|    0|
    |sparsemux_11_3_32_1_1_U49     |sparsemux_11_3_32_1_1     |        0|   0|    0|   25|    0|
    |sparsemux_11_3_32_1_1_U50     |sparsemux_11_3_32_1_1     |        0|   0|    0|   25|    0|
    |sparsemux_11_3_32_1_1_U51     |sparsemux_11_3_32_1_1     |        0|   0|    0|   25|    0|
    |sparsemux_11_3_32_1_1_U52     |sparsemux_11_3_32_1_1     |        0|   0|    0|   25|    0|
    |sparsemux_11_3_32_1_1_U53     |sparsemux_11_3_32_1_1     |        0|   0|    0|   25|    0|
    |sparsemux_11_3_32_1_1_U54     |sparsemux_11_3_32_1_1     |        0|   0|    0|   25|    0|
    |sparsemux_11_3_32_1_1_U55     |sparsemux_11_3_32_1_1     |        0|   0|    0|   25|    0|
    |sparsemux_11_3_32_1_1_U56     |sparsemux_11_3_32_1_1     |        0|   0|    0|   25|    0|
    |sparsemux_11_3_45_1_1_U45     |sparsemux_11_3_45_1_1     |        0|   0|    0|   25|    0|
    |sparsemux_11_3_45_1_1_U46     |sparsemux_11_3_45_1_1     |        0|   0|    0|   25|    0|
    |sparsemux_9_3_45_1_1_U57      |sparsemux_9_3_45_1_1      |        0|   0|    0|   14|    0|
    |sparsemux_9_3_45_1_1_U58      |sparsemux_9_3_45_1_1      |        0|   0|    0|   14|    0|
    |sparsemux_9_3_45_1_1_U59      |sparsemux_9_3_45_1_1      |        0|   0|    0|   14|    0|
    |sparsemux_9_3_45_1_1_U60      |sparsemux_9_3_45_1_1      |        0|   0|    0|   14|    0|
    |sparsemux_9_3_45_1_1_U61      |sparsemux_9_3_45_1_1      |        0|   0|    0|   14|    0|
    |sparsemux_9_3_45_1_1_U62      |sparsemux_9_3_45_1_1      |        0|   0|    0|   14|    0|
    |sparsemux_9_3_45_1_1_U63      |sparsemux_9_3_45_1_1      |        0|   0|    0|   14|    0|
    |sparsemux_9_3_45_1_1_U64      |sparsemux_9_3_45_1_1      |        0|   0|    0|   14|    0|
    |sparsemux_9_3_45_1_1_U65      |sparsemux_9_3_45_1_1      |        0|   0|    0|   14|    0|
    |sparsemux_9_3_45_1_1_U66      |sparsemux_9_3_45_1_1      |        0|   0|    0|   14|    0|
    |urem_10ns_4ns_3_14_1_U36      |urem_10ns_4ns_3_14_1      |        0|   0|  282|  194|    0|
    |urem_10ns_4ns_3_14_1_U40      |urem_10ns_4ns_3_14_1      |        0|   0|  282|  194|    0|
    |urem_10ns_4ns_3_14_1_U41      |urem_10ns_4ns_3_14_1      |        0|   0|  282|  194|    0|
    |urem_10ns_4ns_3_14_1_U42      |urem_10ns_4ns_3_14_1      |        0|   0|  282|  194|    0|
    |urem_10s_4ns_3_14_1_U38       |urem_10s_4ns_3_14_1       |        0|   0|  282|  194|    0|
    |urem_11ns_4ns_3_15_1_U31      |urem_11ns_4ns_3_15_1      |        0|   0|  340|  242|    0|
    +------------------------------+--------------------------+---------+----+-----+-----+-----+
    |Total                         |                          |        0| 187| 7950| 3277|    0|
    +------------------------------+--------------------------+---------+----+-----+-----+-----+

    * DSP: 
    +-----------------------------------+-------------------------------+----------------+
    |              Instance             |             Module            |   Expression   |
    +-----------------------------------+-------------------------------+----------------+
    |am_addmul_10ns_1ns_10s_10_4_1_U67  |am_addmul_10ns_1ns_10s_10_4_1  |  (i0 + i1) * i2|
    +-----------------------------------+-------------------------------+----------------+

    * Memory: 
    +----------------------------------+--------------------------------------------+---------+---+----+-----+------+-----+------+-------------+
    |              Memory              |                   Module                   | BRAM_18K| FF| LUT| URAM| Words| Bits| Banks| W*Bits*Banks|
    +----------------------------------+--------------------------------------------+---------+---+----+-----+------+-----+------+-------------+
    |p_ZL22cos_coefficients_table_0_U  |p_ZL22cos_coefficients_table_0_ROM_AUTO_1R  |        6|  0|   0|    0|   205|   32|     1|         6560|
    |p_ZL22cos_coefficients_table_1_U  |p_ZL22cos_coefficients_table_1_ROM_AUTO_1R  |        6|  0|   0|    0|   205|   32|     1|         6560|
    |p_ZL22cos_coefficients_table_2_U  |p_ZL22cos_coefficients_table_2_ROM_AUTO_1R  |        6|  0|   0|    0|   205|   32|     1|         6560|
    |p_ZL22cos_coefficients_table_3_U  |p_ZL22cos_coefficients_table_3_ROM_AUTO_1R  |        6|  0|   0|    0|   205|   32|     1|         6560|
    |p_ZL22cos_coefficients_table_4_U  |p_ZL22cos_coefficients_table_4_ROM_AUTO_1R  |        6|  0|   0|    0|   205|   32|     1|         6560|
    |p_ZL22sin_coefficients_table_0_U  |p_ZL22sin_coefficients_table_0_ROM_AUTO_1R  |        6|  0|   0|    0|   205|   32|     1|         6560|
    |p_ZL22sin_coefficients_table_1_U  |p_ZL22sin_coefficients_table_1_ROM_AUTO_1R  |        6|  0|   0|    0|   205|   32|     1|         6560|
    |p_ZL22sin_coefficients_table_2_U  |p_ZL22sin_coefficients_table_2_ROM_AUTO_1R  |        6|  0|   0|    0|   205|   32|     1|         6560|
    |p_ZL22sin_coefficients_table_3_U  |p_ZL22sin_coefficients_table_3_ROM_AUTO_1R  |        6|  0|   0|    0|   205|   32|     1|         6560|
    |p_ZL22sin_coefficients_table_4_U  |p_ZL22sin_coefficients_table_4_ROM_AUTO_1R  |        6|  0|   0|    0|   205|   32|     1|         6560|
    +----------------------------------+--------------------------------------------+---------+---+----+-----+------+-----+------+-------------+
    |Total                             |                                            |       60|  0|   0|    0|  2050|  320|    10|        65600|
    +----------------------------------+--------------------------------------------+---------+---+----+-----+------+-----+------+-------------+

    * FIFO: 
    N/A

    * Expression: 
    +---------------------------+----------+----+---+-----+------------+------------+
    |       Variable Name       | Operation| DSP| FF| LUT | Bitwidth P0| Bitwidth P1|
    +---------------------------+----------+----+---+-----+------------+------------+
    |add_ln17_1_fu_1300_p2      |         +|   0|  0|   25|          18|           1|
    |add_ln17_fu_1340_p2        |         +|   0|  0|   12|          11|           1|
    |add_ln18_1_fu_1306_p2      |         +|   0|  0|   12|          11|           3|
    |add_ln22_1_fu_2492_p2      |         +|   0|  0|   12|          11|           6|
    |add_ln22_2_fu_2648_p2      |         +|   0|  0|   12|          11|           6|
    |add_ln22_3_fu_2804_p2      |         +|   0|  0|   12|          11|           6|
    |add_ln22_4_fu_2960_p2      |         +|   0|  0|   12|          11|           6|
    |add_ln22_fu_2318_p2        |         +|   0|  0|   12|          11|           6|
    |add_ln23_1_fu_2570_p2      |         +|   0|  0|   12|          11|           6|
    |add_ln23_2_fu_2726_p2      |         +|   0|  0|   12|          11|           6|
    |add_ln23_3_fu_2882_p2      |         +|   0|  0|   12|          11|           6|
    |add_ln23_4_fu_3038_p2      |         +|   0|  0|   12|          11|           6|
    |add_ln23_fu_2414_p2        |         +|   0|  0|   12|          11|           6|
    |add_ln25_1_fu_4273_p2      |         +|   0|  0|   70|          70|          70|
    |add_ln25_2_fu_4327_p2      |         +|   0|  0|   70|          70|          70|
    |add_ln25_3_fu_4381_p2      |         +|   0|  0|   70|          70|          70|
    |add_ln25_4_fu_4435_p2      |         +|   0|  0|   70|          70|          70|
    |add_ln25_fu_4219_p2        |         +|   0|  0|   70|          70|          70|
    |add_ln26_1_fu_4246_p2      |         +|   0|  0|   70|          70|          70|
    |add_ln26_2_fu_4289_p2      |         +|   0|  0|   70|          70|          70|
    |add_ln26_3_fu_4300_p2      |         +|   0|  0|   70|          70|          70|
    |add_ln26_4_fu_4343_p2      |         +|   0|  0|   70|          70|          70|
    |add_ln26_5_fu_4354_p2      |         +|   0|  0|   70|          70|          70|
    |add_ln26_6_fu_4404_p2      |         +|   0|  0|   70|          70|          70|
    |add_ln26_7_fu_4408_p2      |         +|   0|  0|   70|          70|          70|
    |add_ln26_8_fu_4451_p2      |         +|   0|  0|   70|          70|          70|
    |add_ln26_9_fu_4462_p2      |         +|   0|  0|   70|          70|          70|
    |add_ln26_fu_4235_p2        |         +|   0|  0|   70|          70|          70|
    |grp_fu_1531_p0             |         +|   0|  0|   13|          10|          10|
    |i_fu_1320_p2               |         +|   0|  0|   12|          11|           3|
    |k_2_fu_1440_p2             |         +|   0|  0|   13|          10|          10|
    |k_3_fu_1516_p2             |         +|   0|  0|   13|          10|          10|
    |sub_ln22_10_fu_2788_p2     |         -|   0|  0|   12|          11|          12|
    |sub_ln22_11_fu_2810_p2     |         -|   0|  0|   12|           5|          11|
    |sub_ln22_12_fu_2926_p2     |         -|   0|  0|   61|           1|          54|
    |sub_ln22_13_fu_2944_p2     |         -|   0|  0|   12|          11|          12|
    |sub_ln22_14_fu_2966_p2     |         -|   0|  0|   12|           5|          11|
    |sub_ln22_1_fu_2302_p2      |         -|   0|  0|   12|          11|          12|
    |sub_ln22_2_fu_2324_p2      |         -|   0|  0|   12|           5|          11|
    |sub_ln22_3_fu_2458_p2      |         -|   0|  0|   61|           1|          54|
    |sub_ln22_4_fu_2476_p2      |         -|   0|  0|   12|          11|          12|
    |sub_ln22_5_fu_2498_p2      |         -|   0|  0|   12|           5|          11|
    |sub_ln22_6_fu_2614_p2      |         -|   0|  0|   61|           1|          54|
    |sub_ln22_7_fu_2632_p2      |         -|   0|  0|   12|          11|          12|
    |sub_ln22_8_fu_2654_p2      |         -|   0|  0|   12|           5|          11|
    |sub_ln22_9_fu_2770_p2      |         -|   0|  0|   61|           1|          54|
    |sub_ln22_fu_2284_p2        |         -|   0|  0|   61|           1|          54|
    |sub_ln23_10_fu_2866_p2     |         -|   0|  0|   12|          11|          12|
    |sub_ln23_11_fu_2888_p2     |         -|   0|  0|   12|           5|          11|
    |sub_ln23_12_fu_3004_p2     |         -|   0|  0|   61|           1|          54|
    |sub_ln23_13_fu_3022_p2     |         -|   0|  0|   12|          11|          12|
    |sub_ln23_14_fu_3044_p2     |         -|   0|  0|   12|           5|          11|
    |sub_ln23_1_fu_2398_p2      |         -|   0|  0|   12|          11|          12|
    |sub_ln23_2_fu_2420_p2      |         -|   0|  0|   12|           5|          11|
    |sub_ln23_3_fu_2536_p2      |         -|   0|  0|   61|           1|          54|
    |sub_ln23_4_fu_2554_p2      |         -|   0|  0|   12|          11|          12|
    |sub_ln23_5_fu_2576_p2      |         -|   0|  0|   12|           5|          11|
    |sub_ln23_6_fu_2692_p2      |         -|   0|  0|   61|           1|          54|
    |sub_ln23_7_fu_2710_p2      |         -|   0|  0|   12|          11|          12|
    |sub_ln23_8_fu_2732_p2      |         -|   0|  0|   12|           5|          11|
    |sub_ln23_9_fu_2848_p2      |         -|   0|  0|   61|           1|          54|
    |sub_ln23_fu_2380_p2        |         -|   0|  0|   61|           1|          54|
    |sub_ln25_1_fu_4262_p2      |         -|   0|  0|   70|          70|          70|
    |sub_ln25_2_fu_4316_p2      |         -|   0|  0|   70|          70|          70|
    |sub_ln25_3_fu_4370_p2      |         -|   0|  0|   70|          70|          70|
    |sub_ln25_4_fu_4424_p2      |         -|   0|  0|   70|          70|          70|
    |sub_ln25_fu_4208_p2        |         -|   0|  0|   70|          70|          70|
    |and_ln22_1_fu_2360_p2      |       and|   0|  0|    2|           1|           1|
    |and_ln22_2_fu_3697_p2      |       and|   0|  0|    2|           1|           1|
    |and_ln22_3_fu_3712_p2      |       and|   0|  0|    2|           1|           1|
    |and_ln22_4_fu_3807_p2      |       and|   0|  0|    2|           1|           1|
    |and_ln22_5_fu_3822_p2      |       and|   0|  0|    2|           1|           1|
    |and_ln22_6_fu_3917_p2      |       and|   0|  0|    2|           1|           1|
    |and_ln22_7_fu_3932_p2      |       and|   0|  0|    2|           1|           1|
    |and_ln22_8_fu_4027_p2      |       and|   0|  0|    2|           1|           1|
    |and_ln22_9_fu_4042_p2      |       and|   0|  0|    2|           1|           1|
    |and_ln22_fu_3603_p2        |       and|   0|  0|    2|           1|           1|
    |and_ln23_1_fu_3657_p2      |       and|   0|  0|    2|           1|           1|
    |and_ln23_2_fu_3752_p2      |       and|   0|  0|    2|           1|           1|
    |and_ln23_3_fu_3767_p2      |       and|   0|  0|    2|           1|           1|
    |and_ln23_4_fu_3862_p2      |       and|   0|  0|    2|           1|           1|
    |and_ln23_5_fu_3877_p2      |       and|   0|  0|    2|           1|           1|
    |and_ln23_6_fu_3972_p2      |       and|   0|  0|    2|           1|           1|
    |and_ln23_7_fu_3987_p2      |       and|   0|  0|    2|           1|           1|
    |and_ln23_8_fu_4082_p2      |       and|   0|  0|    2|           1|           1|
    |and_ln23_9_fu_4097_p2      |       and|   0|  0|    2|           1|           1|
    |and_ln23_fu_3642_p2        |       and|   0|  0|    2|           1|           1|
    |ap_condition_4900          |       and|   0|  0|    2|           1|           1|
    |ap_condition_616           |       and|   0|  0|    2|           1|           1|
    |ashr_ln22_1_fu_3189_p2     |      ashr|   0|  0|  161|          54|          54|
    |ashr_ln22_2_fu_3295_p2     |      ashr|   0|  0|  161|          54|          54|
    |ashr_ln22_3_fu_3401_p2     |      ashr|   0|  0|  161|          54|          54|
    |ashr_ln22_4_fu_3507_p2     |      ashr|   0|  0|  161|          54|          54|
    |ashr_ln22_fu_3083_p2       |      ashr|   0|  0|  161|          54|          54|
    |ashr_ln23_1_fu_3242_p2     |      ashr|   0|  0|  161|          54|          54|
    |ashr_ln23_2_fu_3348_p2     |      ashr|   0|  0|  161|          54|          54|
    |ashr_ln23_3_fu_3454_p2     |      ashr|   0|  0|  161|          54|          54|
    |ashr_ln23_4_fu_3560_p2     |      ashr|   0|  0|  161|          54|          54|
    |ashr_ln23_fu_3136_p2       |      ashr|   0|  0|  161|          54|          54|
    |icmp_ln17_fu_1346_p2       |      icmp|   0|  0|   25|          18|          17|
    |icmp_ln22_10_fu_2627_p2    |      icmp|   0|  0|   70|          63|           1|
    |icmp_ln22_11_fu_2642_p2    |      icmp|   0|  0|   12|          12|           5|
    |icmp_ln22_12_fu_2668_p2    |      icmp|   0|  0|   12|          12|           5|
    |icmp_ln22_13_fu_3280_p2    |      icmp|   0|  0|   12|          11|           6|
    |icmp_ln22_14_fu_3312_p2    |      icmp|   0|  0|   12|          11|           6|
    |icmp_ln22_15_fu_2783_p2    |      icmp|   0|  0|   70|          63|           1|
    |icmp_ln22_16_fu_2798_p2    |      icmp|   0|  0|   12|          12|           5|
    |icmp_ln22_17_fu_2824_p2    |      icmp|   0|  0|   12|          12|           5|
    |icmp_ln22_18_fu_3386_p2    |      icmp|   0|  0|   12|          11|           6|
    |icmp_ln22_19_fu_3418_p2    |      icmp|   0|  0|   12|          11|           6|
    |icmp_ln22_1_fu_2312_p2     |      icmp|   0|  0|   12|          12|           5|
    |icmp_ln22_20_fu_2939_p2    |      icmp|   0|  0|   70|          63|           1|
    |icmp_ln22_21_fu_2954_p2    |      icmp|   0|  0|   12|          12|           5|
    |icmp_ln22_22_fu_2980_p2    |      icmp|   0|  0|   12|          12|           5|
    |icmp_ln22_23_fu_3492_p2    |      icmp|   0|  0|   12|          11|           6|
    |icmp_ln22_24_fu_3524_p2    |      icmp|   0|  0|   12|          11|           6|
    |icmp_ln22_2_fu_2338_p2     |      icmp|   0|  0|   12|          12|           5|
    |icmp_ln22_3_fu_3068_p2     |      icmp|   0|  0|   12|          11|           6|
    |icmp_ln22_4_fu_3100_p2     |      icmp|   0|  0|   12|          11|           6|
    |icmp_ln22_5_fu_2471_p2     |      icmp|   0|  0|   70|          63|           1|
    |icmp_ln22_6_fu_2486_p2     |      icmp|   0|  0|   12|          12|           5|
    |icmp_ln22_7_fu_2512_p2     |      icmp|   0|  0|   12|          12|           5|
    |icmp_ln22_8_fu_3174_p2     |      icmp|   0|  0|   12|          11|           6|
    |icmp_ln22_9_fu_3206_p2     |      icmp|   0|  0|   12|          11|           6|
    |icmp_ln22_fu_2297_p2       |      icmp|   0|  0|   70|          63|           1|
    |icmp_ln23_10_fu_2705_p2    |      icmp|   0|  0|   70|          63|           1|
    |icmp_ln23_11_fu_2720_p2    |      icmp|   0|  0|   12|          12|           5|
    |icmp_ln23_12_fu_2746_p2    |      icmp|   0|  0|   12|          12|           5|
    |icmp_ln23_13_fu_3333_p2    |      icmp|   0|  0|   12|          11|           6|
    |icmp_ln23_14_fu_3365_p2    |      icmp|   0|  0|   12|          11|           6|
    |icmp_ln23_15_fu_2861_p2    |      icmp|   0|  0|   70|          63|           1|
    |icmp_ln23_16_fu_2876_p2    |      icmp|   0|  0|   12|          12|           5|
    |icmp_ln23_17_fu_2902_p2    |      icmp|   0|  0|   12|          12|           5|
    |icmp_ln23_18_fu_3439_p2    |      icmp|   0|  0|   12|          11|           6|
    |icmp_ln23_19_fu_3471_p2    |      icmp|   0|  0|   12|          11|           6|
    |icmp_ln23_1_fu_2408_p2     |      icmp|   0|  0|   12|          12|           5|
    |icmp_ln23_20_fu_3017_p2    |      icmp|   0|  0|   70|          63|           1|
    |icmp_ln23_21_fu_3032_p2    |      icmp|   0|  0|   12|          12|           5|
    |icmp_ln23_22_fu_3058_p2    |      icmp|   0|  0|   12|          12|           5|
    |icmp_ln23_23_fu_3545_p2    |      icmp|   0|  0|   12|          11|           6|
    |icmp_ln23_24_fu_3577_p2    |      icmp|   0|  0|   12|          11|           6|
    |icmp_ln23_2_fu_2434_p2     |      icmp|   0|  0|   12|          12|           5|
    |icmp_ln23_3_fu_3121_p2     |      icmp|   0|  0|   12|          11|           6|
    |icmp_ln23_4_fu_3153_p2     |      icmp|   0|  0|   12|          11|           6|
    |icmp_ln23_5_fu_2549_p2     |      icmp|   0|  0|   70|          63|           1|
    |icmp_ln23_6_fu_2564_p2     |      icmp|   0|  0|   12|          12|           5|
    |icmp_ln23_7_fu_2590_p2     |      icmp|   0|  0|   12|          12|           5|
    |icmp_ln23_8_fu_3227_p2     |      icmp|   0|  0|   12|          11|           6|
    |icmp_ln23_9_fu_3259_p2     |      icmp|   0|  0|   12|          11|           6|
    |icmp_ln23_fu_2393_p2       |      icmp|   0|  0|   70|          63|           1|
    |or_ln22_1_fu_3702_p2       |        or|   0|  0|    2|           1|           1|
    |or_ln22_2_fu_3812_p2       |        or|   0|  0|    2|           1|           1|
    |or_ln22_3_fu_3922_p2       |        or|   0|  0|    2|           1|           1|
    |or_ln22_4_fu_4032_p2       |        or|   0|  0|    2|           1|           1|
    |or_ln22_fu_2348_p2         |        or|   0|  0|    2|           1|           1|
    |or_ln23_1_fu_3757_p2       |        or|   0|  0|    2|           1|           1|
    |or_ln23_2_fu_3867_p2       |        or|   0|  0|    2|           1|           1|
    |or_ln23_3_fu_3977_p2       |        or|   0|  0|    2|           1|           1|
    |or_ln23_4_fu_4087_p2       |        or|   0|  0|    2|           1|           1|
    |or_ln23_fu_3647_p2         |        or|   0|  0|    2|           1|           1|
    |j_fu_1278_p3               |    select|   0|  0|   11|           1|          11|
    |select_ln17_fu_1270_p3     |    select|   0|  0|   11|           1|          11|
    |select_ln22_10_fu_3304_p3  |    select|   0|  0|   45|           1|          45|
    |select_ln22_11_fu_3325_p3  |    select|   0|  0|   45|           1|          45|
    |select_ln22_12_fu_2776_p3  |    select|   0|  0|   54|           1|          54|
    |select_ln22_13_fu_2816_p3  |    select|   0|  0|   11|           1|          11|
    |select_ln22_14_fu_3410_p3  |    select|   0|  0|   45|           1|          45|
    |select_ln22_15_fu_3431_p3  |    select|   0|  0|   45|           1|          45|
    |select_ln22_16_fu_2932_p3  |    select|   0|  0|   54|           1|          54|
    |select_ln22_17_fu_2972_p3  |    select|   0|  0|   11|           1|          11|
    |select_ln22_18_fu_3516_p3  |    select|   0|  0|   45|           1|          45|
    |select_ln22_19_fu_3537_p3  |    select|   0|  0|   45|           1|          45|
    |select_ln22_1_fu_2330_p3   |    select|   0|  0|   11|           1|          11|
    |select_ln22_20_fu_3073_p3  |    select|   0|  0|    2|           1|           2|
    |select_ln22_21_fu_3179_p3  |    select|   0|  0|    2|           1|           2|
    |select_ln22_22_fu_3285_p3  |    select|   0|  0|    2|           1|           2|
    |select_ln22_23_fu_3391_p3  |    select|   0|  0|    2|           1|           2|
    |select_ln22_24_fu_3497_p3  |    select|   0|  0|    2|           1|           2|
    |select_ln22_2_fu_3092_p3   |    select|   0|  0|   45|           1|          45|
    |select_ln22_3_fu_3113_p3   |    select|   0|  0|   45|           1|          45|
    |select_ln22_4_fu_2464_p3   |    select|   0|  0|   54|           1|          54|
    |select_ln22_5_fu_2504_p3   |    select|   0|  0|   11|           1|          11|
    |select_ln22_6_fu_3198_p3   |    select|   0|  0|   45|           1|          45|
    |select_ln22_7_fu_3219_p3   |    select|   0|  0|   45|           1|          45|
    |select_ln22_8_fu_2620_p3   |    select|   0|  0|   54|           1|          54|
    |select_ln22_9_fu_2660_p3   |    select|   0|  0|   11|           1|          11|
    |select_ln22_fu_2290_p3     |    select|   0|  0|   54|           1|          54|
    |select_ln23_10_fu_3357_p3  |    select|   0|  0|   45|           1|          45|
    |select_ln23_11_fu_3378_p3  |    select|   0|  0|   45|           1|          45|
    |select_ln23_12_fu_2854_p3  |    select|   0|  0|   54|           1|          54|
    |select_ln23_13_fu_2894_p3  |    select|   0|  0|   11|           1|          11|
    |select_ln23_14_fu_3463_p3  |    select|   0|  0|   45|           1|          45|
    |select_ln23_15_fu_3484_p3  |    select|   0|  0|   45|           1|          45|
    |select_ln23_16_fu_3010_p3  |    select|   0|  0|   54|           1|          54|
    |select_ln23_17_fu_3050_p3  |    select|   0|  0|   11|           1|          11|
    |select_ln23_18_fu_3569_p3  |    select|   0|  0|   45|           1|          45|
    |select_ln23_19_fu_3590_p3  |    select|   0|  0|   45|           1|          45|
    |select_ln23_1_fu_2426_p3   |    select|   0|  0|   11|           1|          11|
    |select_ln23_20_fu_3126_p3  |    select|   0|  0|    2|           1|           2|
    |select_ln23_21_fu_3232_p3  |    select|   0|  0|    2|           1|           2|
    |select_ln23_22_fu_3338_p3  |    select|   0|  0|    2|           1|           2|
    |select_ln23_23_fu_3444_p3  |    select|   0|  0|    2|           1|           2|
    |select_ln23_24_fu_3550_p3  |    select|   0|  0|    2|           1|           2|
    |select_ln23_2_fu_3145_p3   |    select|   0|  0|   45|           1|          45|
    |select_ln23_3_fu_3166_p3   |    select|   0|  0|   45|           1|          45|
    |select_ln23_4_fu_2542_p3   |    select|   0|  0|   54|           1|          54|
    |select_ln23_5_fu_2582_p3   |    select|   0|  0|   11|           1|          11|
    |select_ln23_6_fu_3251_p3   |    select|   0|  0|   45|           1|          45|
    |select_ln23_7_fu_3272_p3   |    select|   0|  0|   45|           1|          45|
    |select_ln23_8_fu_2698_p3   |    select|   0|  0|   54|           1|          54|
    |select_ln23_9_fu_2738_p3   |    select|   0|  0|   11|           1|          11|
    |select_ln23_fu_2386_p3     |    select|   0|  0|   54|           1|          54|
    |shl_ln22_1_fu_3214_p2      |       shl|   0|  0|  143|          45|          45|
    |shl_ln22_2_fu_3320_p2      |       shl|   0|  0|  143|          45|          45|
    |shl_ln22_3_fu_3426_p2      |       shl|   0|  0|  143|          45|          45|
    |shl_ln22_4_fu_3532_p2      |       shl|   0|  0|  143|          45|          45|
    |shl_ln22_fu_3108_p2        |       shl|   0|  0|  143|          45|          45|
    |shl_ln23_1_fu_3267_p2      |       shl|   0|  0|  143|          45|          45|
    |shl_ln23_2_fu_3373_p2      |       shl|   0|  0|  143|          45|          45|
    |shl_ln23_3_fu_3479_p2      |       shl|   0|  0|  143|          45|          45|
    |shl_ln23_4_fu_3585_p2      |       shl|   0|  0|  143|          45|          45|
    |shl_ln23_fu_3161_p2        |       shl|   0|  0|  143|          45|          45|
    |ap_enable_pp0              |       xor|   0|  0|    2|           1|           2|
    |xor_ln18_fu_1334_p2        |       xor|   0|  0|    2|           1|           2|
    |xor_ln22_1_fu_2354_p2      |       xor|   0|  0|    2|           1|           2|
    |xor_ln22_2_fu_3692_p2      |       xor|   0|  0|    2|           1|           2|
    |xor_ln22_3_fu_3706_p2      |       xor|   0|  0|    2|           1|           2|
    |xor_ln22_4_fu_3802_p2      |       xor|   0|  0|    2|           1|           2|
    |xor_ln22_5_fu_3816_p2      |       xor|   0|  0|    2|           1|           2|
    |xor_ln22_6_fu_3912_p2      |       xor|   0|  0|    2|           1|           2|
    |xor_ln22_7_fu_3926_p2      |       xor|   0|  0|    2|           1|           2|
    |xor_ln22_8_fu_4022_p2      |       xor|   0|  0|    2|           1|           2|
    |xor_ln22_9_fu_4036_p2      |       xor|   0|  0|    2|           1|           2|
    |xor_ln22_fu_3598_p2        |       xor|   0|  0|    2|           1|           2|
    |xor_ln23_1_fu_3651_p2      |       xor|   0|  0|    2|           1|           2|
    |xor_ln23_2_fu_3747_p2      |       xor|   0|  0|    2|           1|           2|
    |xor_ln23_3_fu_3761_p2      |       xor|   0|  0|    2|           1|           2|
    |xor_ln23_4_fu_3857_p2      |       xor|   0|  0|    2|           1|           2|
    |xor_ln23_5_fu_3871_p2      |       xor|   0|  0|    2|           1|           2|
    |xor_ln23_6_fu_3967_p2      |       xor|   0|  0|    2|           1|           2|
    |xor_ln23_7_fu_3981_p2      |       xor|   0|  0|    2|           1|           2|
    |xor_ln23_8_fu_4077_p2      |       xor|   0|  0|    2|           1|           2|
    |xor_ln23_9_fu_4091_p2      |       xor|   0|  0|    2|           1|           2|
    |xor_ln23_fu_3637_p2        |       xor|   0|  0|    2|           1|           2|
    +---------------------------+----------+----+---+-----+------------+------------+
    |Total                      |          |   0|  0| 8415|        3965|        5173|
    +---------------------------+----------+----+---+-----+------------+------------+

    * Multiplexer: 
    +------------------------------------------+----+-----------+-----+-----------+
    |                   Name                   | LUT| Input Size| Bits| Total Bits|
    +------------------------------------------+----+-----------+-----+-----------+
    |add_ln1722_fu_204                         |   9|          2|   11|         22|
    |ap_done_int                               |   9|          2|    1|          2|
    |ap_loop_exit_ready_pp0_iter29_reg         |   9|          2|    1|          2|
    |ap_phi_mux_exit_cond_4121_phi_fu_1121_p4  |   9|          2|    1|          2|
    |ap_sig_allocacmp_add_ln1722_load          |   9|          2|   11|         22|
    |ap_sig_allocacmp_i19_load                 |   9|          2|   11|         22|
    |ap_sig_allocacmp_indvar_flatten17_load    |   9|          2|   18|         36|
    |ap_sig_allocacmp_j18_load                 |   9|          2|   11|         22|
    |i19_fu_200                                |   9|          2|   11|         22|
    |indvar_flatten17_fu_192                   |   9|          2|   18|         36|
    |j18_fu_196                                |   9|          2|   11|         22|
    +------------------------------------------+----+-----------+-----+-----------+
    |Total                                     |  99|         22|  105|        210|
    +------------------------------------------+----+-----------+-----+-----------+

    * Register: 
    +---------------------------------------------------+-----+----+-----+-----------+
    |                        Name                       |  FF | LUT| Bits| Const Bits|
    +---------------------------------------------------+-----+----+-----+-----------+
    |add_ln1722_fu_204                                  |   11|   0|   11|          0|
    |and_ln22_1_reg_5375                                |    1|   0|    1|          0|
    |and_ln22_1_reg_5375_pp0_iter21_reg                 |    1|   0|    1|          0|
    |ap_CS_fsm                                          |    1|   0|    1|          0|
    |ap_condition_exit_pp0_iter0_stage0_pp0_iter10_reg  |    1|   0|    1|          0|
    |ap_condition_exit_pp0_iter0_stage0_pp0_iter11_reg  |    1|   0|    1|          0|
    |ap_condition_exit_pp0_iter0_stage0_pp0_iter12_reg  |    1|   0|    1|          0|
    |ap_condition_exit_pp0_iter0_stage0_pp0_iter13_reg  |    1|   0|    1|          0|
    |ap_condition_exit_pp0_iter0_stage0_pp0_iter14_reg  |    1|   0|    1|          0|
    |ap_condition_exit_pp0_iter0_stage0_pp0_iter15_reg  |    1|   0|    1|          0|
    |ap_condition_exit_pp0_iter0_stage0_pp0_iter16_reg  |    1|   0|    1|          0|
    |ap_condition_exit_pp0_iter0_stage0_pp0_iter17_reg  |    1|   0|    1|          0|
    |ap_condition_exit_pp0_iter0_stage0_pp0_iter18_reg  |    1|   0|    1|          0|
    |ap_condition_exit_pp0_iter0_stage0_pp0_iter19_reg  |    1|   0|    1|          0|
    |ap_condition_exit_pp0_iter0_stage0_pp0_iter1_reg   |    1|   0|    1|          0|
    |ap_condition_exit_pp0_iter0_stage0_pp0_iter20_reg  |    1|   0|    1|          0|
    |ap_condition_exit_pp0_iter0_stage0_pp0_iter21_reg  |    1|   0|    1|          0|
    |ap_condition_exit_pp0_iter0_stage0_pp0_iter22_reg  |    1|   0|    1|          0|
    |ap_condition_exit_pp0_iter0_stage0_pp0_iter23_reg  |    1|   0|    1|          0|
    |ap_condition_exit_pp0_iter0_stage0_pp0_iter24_reg  |    1|   0|    1|          0|
    |ap_condition_exit_pp0_iter0_stage0_pp0_iter25_reg  |    1|   0|    1|          0|
    |ap_condition_exit_pp0_iter0_stage0_pp0_iter26_reg  |    1|   0|    1|          0|
    |ap_condition_exit_pp0_iter0_stage0_pp0_iter27_reg  |    1|   0|    1|          0|
    |ap_condition_exit_pp0_iter0_stage0_pp0_iter28_reg  |    1|   0|    1|          0|
    |ap_condition_exit_pp0_iter0_stage0_pp0_iter29_reg  |    1|   0|    1|          0|
    |ap_condition_exit_pp0_iter0_stage0_pp0_iter2_reg   |    1|   0|    1|          0|
    |ap_condition_exit_pp0_iter0_stage0_pp0_iter3_reg   |    1|   0|    1|          0|
    |ap_condition_exit_pp0_iter0_stage0_pp0_iter4_reg   |    1|   0|    1|          0|
    |ap_condition_exit_pp0_iter0_stage0_pp0_iter5_reg   |    1|   0|    1|          0|
    |ap_condition_exit_pp0_iter0_stage0_pp0_iter6_reg   |    1|   0|    1|          0|
    |ap_condition_exit_pp0_iter0_stage0_pp0_iter7_reg   |    1|   0|    1|          0|
    |ap_condition_exit_pp0_iter0_stage0_pp0_iter8_reg   |    1|   0|    1|          0|
    |ap_condition_exit_pp0_iter0_stage0_pp0_iter9_reg   |    1|   0|    1|          0|
    |ap_done_reg                                        |    1|   0|    1|          0|
    |ap_enable_reg_pp0_iter1                            |    1|   0|    1|          0|
    |ap_enable_reg_pp0_iter10                           |    1|   0|    1|          0|
    |ap_enable_reg_pp0_iter11                           |    1|   0|    1|          0|
    |ap_enable_reg_pp0_iter12                           |    1|   0|    1|          0|
    |ap_enable_reg_pp0_iter13                           |    1|   0|    1|          0|
    |ap_enable_reg_pp0_iter14                           |    1|   0|    1|          0|
    |ap_enable_reg_pp0_iter15                           |    1|   0|    1|          0|
    |ap_enable_reg_pp0_iter16                           |    1|   0|    1|          0|
    |ap_enable_reg_pp0_iter17                           |    1|   0|    1|          0|
    |ap_enable_reg_pp0_iter18                           |    1|   0|    1|          0|
    |ap_enable_reg_pp0_iter19                           |    1|   0|    1|          0|
    |ap_enable_reg_pp0_iter2                            |    1|   0|    1|          0|
    |ap_enable_reg_pp0_iter20                           |    1|   0|    1|          0|
    |ap_enable_reg_pp0_iter21                           |    1|   0|    1|          0|
    |ap_enable_reg_pp0_iter22                           |    1|   0|    1|          0|
    |ap_enable_reg_pp0_iter23                           |    1|   0|    1|          0|
    |ap_enable_reg_pp0_iter24                           |    1|   0|    1|          0|
    |ap_enable_reg_pp0_iter25                           |    1|   0|    1|          0|
    |ap_enable_reg_pp0_iter26                           |    1|   0|    1|          0|
    |ap_enable_reg_pp0_iter27                           |    1|   0|    1|          0|
    |ap_enable_reg_pp0_iter28                           |    1|   0|    1|          0|
    |ap_enable_reg_pp0_iter29                           |    1|   0|    1|          0|
    |ap_enable_reg_pp0_iter3                            |    1|   0|    1|          0|
    |ap_enable_reg_pp0_iter4                            |    1|   0|    1|          0|
    |ap_enable_reg_pp0_iter5                            |    1|   0|    1|          0|
    |ap_enable_reg_pp0_iter6                            |    1|   0|    1|          0|
    |ap_enable_reg_pp0_iter7                            |    1|   0|    1|          0|
    |ap_enable_reg_pp0_iter8                            |    1|   0|    1|          0|
    |ap_enable_reg_pp0_iter9                            |    1|   0|    1|          0|
    |ap_loop_exit_ready_pp0_iter10_reg                  |    1|   0|    1|          0|
    |ap_loop_exit_ready_pp0_iter11_reg                  |    1|   0|    1|          0|
    |ap_loop_exit_ready_pp0_iter12_reg                  |    1|   0|    1|          0|
    |ap_loop_exit_ready_pp0_iter13_reg                  |    1|   0|    1|          0|
    |ap_loop_exit_ready_pp0_iter14_reg                  |    1|   0|    1|          0|
    |ap_loop_exit_ready_pp0_iter15_reg                  |    1|   0|    1|          0|
    |ap_loop_exit_ready_pp0_iter16_reg                  |    1|   0|    1|          0|
    |ap_loop_exit_ready_pp0_iter17_reg                  |    1|   0|    1|          0|
    |ap_loop_exit_ready_pp0_iter18_reg                  |    1|   0|    1|          0|
    |ap_loop_exit_ready_pp0_iter19_reg                  |    1|   0|    1|          0|
    |ap_loop_exit_ready_pp0_iter1_reg                   |    1|   0|    1|          0|
    |ap_loop_exit_ready_pp0_iter20_reg                  |    1|   0|    1|          0|
    |ap_loop_exit_ready_pp0_iter21_reg                  |    1|   0|    1|          0|
    |ap_loop_exit_ready_pp0_iter22_reg                  |    1|   0|    1|          0|
    |ap_loop_exit_ready_pp0_iter23_reg                  |    1|   0|    1|          0|
    |ap_loop_exit_ready_pp0_iter24_reg                  |    1|   0|    1|          0|
    |ap_loop_exit_ready_pp0_iter25_reg                  |    1|   0|    1|          0|
    |ap_loop_exit_ready_pp0_iter26_reg                  |    1|   0|    1|          0|
    |ap_loop_exit_ready_pp0_iter27_reg                  |    1|   0|    1|          0|
    |ap_loop_exit_ready_pp0_iter28_reg                  |    1|   0|    1|          0|
    |ap_loop_exit_ready_pp0_iter29_reg                  |    1|   0|    1|          0|
    |ap_loop_exit_ready_pp0_iter2_reg                   |    1|   0|    1|          0|
    |ap_loop_exit_ready_pp0_iter3_reg                   |    1|   0|    1|          0|
    |ap_loop_exit_ready_pp0_iter4_reg                   |    1|   0|    1|          0|
    |ap_loop_exit_ready_pp0_iter5_reg                   |    1|   0|    1|          0|
    |ap_loop_exit_ready_pp0_iter6_reg                   |    1|   0|    1|          0|
    |ap_loop_exit_ready_pp0_iter7_reg                   |    1|   0|    1|          0|
    |ap_loop_exit_ready_pp0_iter8_reg                   |    1|   0|    1|          0|
    |ap_loop_exit_ready_pp0_iter9_reg                   |    1|   0|    1|          0|
    |c_1_reg_5823                                       |   45|   0|   45|          0|
    |c_2_reg_5833                                       |   45|   0|   45|          0|
    |c_3_reg_5843                                       |   45|   0|   45|          0|
    |c_4_reg_5853                                       |   45|   0|   45|          0|
    |c_reg_5813                                         |   45|   0|   45|          0|
    |empty_reg_4530                                     |   10|   0|   10|          0|
    |i19_fu_200                                         |   11|   0|   11|          0|
    |icmp_ln17_reg_4545                                 |    1|   0|    1|          0|
    |icmp_ln22_10_reg_5496                              |    1|   0|    1|          0|
    |icmp_ln22_10_reg_5496_pp0_iter21_reg               |    1|   0|    1|          0|
    |icmp_ln22_11_reg_5503                              |    1|   0|    1|          0|
    |icmp_ln22_11_reg_5503_pp0_iter21_reg               |    1|   0|    1|          0|
    |icmp_ln22_12_reg_5516                              |    1|   0|    1|          0|
    |icmp_ln22_12_reg_5516_pp0_iter21_reg               |    1|   0|    1|          0|
    |icmp_ln22_15_reg_5570                              |    1|   0|    1|          0|
    |icmp_ln22_15_reg_5570_pp0_iter21_reg               |    1|   0|    1|          0|
    |icmp_ln22_16_reg_5577                              |    1|   0|    1|          0|
    |icmp_ln22_16_reg_5577_pp0_iter21_reg               |    1|   0|    1|          0|
    |icmp_ln22_17_reg_5590                              |    1|   0|    1|          0|
    |icmp_ln22_17_reg_5590_pp0_iter21_reg               |    1|   0|    1|          0|
    |icmp_ln22_20_reg_5644                              |    1|   0|    1|          0|
    |icmp_ln22_20_reg_5644_pp0_iter21_reg               |    1|   0|    1|          0|
    |icmp_ln22_21_reg_5651                              |    1|   0|    1|          0|
    |icmp_ln22_21_reg_5651_pp0_iter21_reg               |    1|   0|    1|          0|
    |icmp_ln22_22_reg_5664                              |    1|   0|    1|          0|
    |icmp_ln22_22_reg_5664_pp0_iter21_reg               |    1|   0|    1|          0|
    |icmp_ln22_2_reg_5364                               |    1|   0|    1|          0|
    |icmp_ln22_2_reg_5364_pp0_iter21_reg                |    1|   0|    1|          0|
    |icmp_ln22_5_reg_5422                               |    1|   0|    1|          0|
    |icmp_ln22_5_reg_5422_pp0_iter21_reg                |    1|   0|    1|          0|
    |icmp_ln22_6_reg_5429                               |    1|   0|    1|          0|
    |icmp_ln22_6_reg_5429_pp0_iter21_reg                |    1|   0|    1|          0|
    |icmp_ln22_7_reg_5442                               |    1|   0|    1|          0|
    |icmp_ln22_7_reg_5442_pp0_iter21_reg                |    1|   0|    1|          0|
    |icmp_ln22_reg_5350                                 |    1|   0|    1|          0|
    |icmp_ln22_reg_5350_pp0_iter21_reg                  |    1|   0|    1|          0|
    |icmp_ln23_10_reg_5533                              |    1|   0|    1|          0|
    |icmp_ln23_10_reg_5533_pp0_iter21_reg               |    1|   0|    1|          0|
    |icmp_ln23_11_reg_5540                              |    1|   0|    1|          0|
    |icmp_ln23_11_reg_5540_pp0_iter21_reg               |    1|   0|    1|          0|
    |icmp_ln23_12_reg_5553                              |    1|   0|    1|          0|
    |icmp_ln23_12_reg_5553_pp0_iter21_reg               |    1|   0|    1|          0|
    |icmp_ln23_15_reg_5607                              |    1|   0|    1|          0|
    |icmp_ln23_15_reg_5607_pp0_iter21_reg               |    1|   0|    1|          0|
    |icmp_ln23_16_reg_5614                              |    1|   0|    1|          0|
    |icmp_ln23_16_reg_5614_pp0_iter21_reg               |    1|   0|    1|          0|
    |icmp_ln23_17_reg_5627                              |    1|   0|    1|          0|
    |icmp_ln23_17_reg_5627_pp0_iter21_reg               |    1|   0|    1|          0|
    |icmp_ln23_1_reg_5392                               |    1|   0|    1|          0|
    |icmp_ln23_1_reg_5392_pp0_iter21_reg                |    1|   0|    1|          0|
    |icmp_ln23_20_reg_5681                              |    1|   0|    1|          0|
    |icmp_ln23_20_reg_5681_pp0_iter21_reg               |    1|   0|    1|          0|
    |icmp_ln23_21_reg_5688                              |    1|   0|    1|          0|
    |icmp_ln23_21_reg_5688_pp0_iter21_reg               |    1|   0|    1|          0|
    |icmp_ln23_22_reg_5701                              |    1|   0|    1|          0|
    |icmp_ln23_22_reg_5701_pp0_iter21_reg               |    1|   0|    1|          0|
    |icmp_ln23_2_reg_5405                               |    1|   0|    1|          0|
    |icmp_ln23_2_reg_5405_pp0_iter21_reg                |    1|   0|    1|          0|
    |icmp_ln23_5_reg_5459                               |    1|   0|    1|          0|
    |icmp_ln23_5_reg_5459_pp0_iter21_reg                |    1|   0|    1|          0|
    |icmp_ln23_6_reg_5466                               |    1|   0|    1|          0|
    |icmp_ln23_6_reg_5466_pp0_iter21_reg                |    1|   0|    1|          0|
    |icmp_ln23_7_reg_5479                               |    1|   0|    1|          0|
    |icmp_ln23_7_reg_5479_pp0_iter21_reg                |    1|   0|    1|          0|
    |icmp_ln23_reg_5385                                 |    1|   0|    1|          0|
    |icmp_ln23_reg_5385_pp0_iter21_reg                  |    1|   0|    1|          0|
    |imag_op_0_addr_reg_4615                            |    8|   0|    8|          0|
    |imag_op_0_load_reg_4730                            |   45|   0|   45|          0|
    |imag_op_1_addr_reg_4627                            |    8|   0|    8|          0|
    |imag_op_1_load_reg_4746                            |   45|   0|   45|          0|
    |imag_op_2_addr_reg_4639                            |    8|   0|    8|          0|
    |imag_op_2_load_reg_4763                            |   45|   0|   45|          0|
    |imag_op_3_addr_reg_4651                            |    8|   0|    8|          0|
    |imag_op_3_load_reg_4773                            |   45|   0|   45|          0|
    |imag_op_4_addr_reg_4663                            |    8|   0|    8|          0|
    |imag_op_4_load_reg_4783                            |   45|   0|   45|          0|
    |imag_sample_0_load_reg_4694                        |   45|   0|   45|          0|
    |imag_sample_1_load_reg_4699                        |   45|   0|   45|          0|
    |imag_sample_2_load_reg_4704                        |   45|   0|   45|          0|
    |imag_sample_3_load_reg_4709                        |   45|   0|   45|          0|
    |imag_sample_4_load_reg_4714                        |   45|   0|   45|          0|
    |indvar_flatten17_fu_192                            |   18|   0|   18|          0|
    |j18_fu_196                                         |   11|   0|   11|          0|
    |j_reg_4515                                         |   11|   0|   11|          0|
    |k_1_reg_4735                                       |   10|   0|   10|          0|
    |k_2_reg_4751                                       |   10|   0|   10|          0|
    |k_3_reg_4803                                       |   10|   0|   10|          0|
    |k_4_reg_4809                                       |   10|   0|   10|          0|
    |k_reg_4719                                         |   10|   0|   10|          0|
    |mul_ln25_1_reg_5956                                |   70|   0|   70|          0|
    |mul_ln25_2_reg_5971                                |   70|   0|   70|          0|
    |mul_ln25_3_reg_5976                                |   70|   0|   70|          0|
    |mul_ln25_4_reg_5991                                |   70|   0|   70|          0|
    |mul_ln25_5_reg_5996                                |   70|   0|   70|          0|
    |mul_ln25_6_reg_6011                                |   70|   0|   70|          0|
    |mul_ln25_7_reg_6016                                |   70|   0|   70|          0|
    |mul_ln25_8_reg_6031                                |   70|   0|   70|          0|
    |mul_ln25_9_reg_6036                                |   70|   0|   70|          0|
    |mul_ln25_reg_5951                                  |   70|   0|   70|          0|
    |mul_ln26_1_reg_5966                                |   70|   0|   70|          0|
    |mul_ln26_2_reg_5981                                |   70|   0|   70|          0|
    |mul_ln26_3_reg_5986                                |   70|   0|   70|          0|
    |mul_ln26_4_reg_6001                                |   70|   0|   70|          0|
    |mul_ln26_5_reg_6006                                |   70|   0|   70|          0|
    |mul_ln26_6_reg_6021                                |   70|   0|   70|          0|
    |mul_ln26_7_reg_6026                                |   70|   0|   70|          0|
    |mul_ln26_8_reg_6041                                |   70|   0|   70|          0|
    |mul_ln26_9_reg_6046                                |   70|   0|   70|          0|
    |mul_ln26_reg_5961                                  |   70|   0|   70|          0|
    |real_op_0_addr_reg_4609                            |    8|   0|    8|          0|
    |real_op_0_load_reg_4725                            |   45|   0|   45|          0|
    |real_op_1_addr_reg_4621                            |    8|   0|    8|          0|
    |real_op_1_load_reg_4741                            |   45|   0|   45|          0|
    |real_op_2_addr_reg_4633                            |    8|   0|    8|          0|
    |real_op_2_load_reg_4758                            |   45|   0|   45|          0|
    |real_op_3_addr_reg_4645                            |    8|   0|    8|          0|
    |real_op_3_load_reg_4768                            |   45|   0|   45|          0|
    |real_op_4_addr_reg_4657                            |    8|   0|    8|          0|
    |real_op_4_load_reg_4778                            |   45|   0|   45|          0|
    |real_sample_0_load_reg_4669                        |   45|   0|   45|          0|
    |real_sample_1_load_reg_4674                        |   45|   0|   45|          0|
    |real_sample_2_load_reg_4679                        |   45|   0|   45|          0|
    |real_sample_3_load_reg_4684                        |   45|   0|   45|          0|
    |real_sample_4_load_reg_4689                        |   45|   0|   45|          0|
    |s_1_reg_5828                                       |   45|   0|   45|          0|
    |s_2_reg_5838                                       |   45|   0|   45|          0|
    |s_3_reg_5848                                       |   45|   0|   45|          0|
    |s_4_reg_5858                                       |   45|   0|   45|          0|
    |s_reg_5818                                         |   45|   0|   45|          0|
    |select_ln22_10_reg_5753                            |   45|   0|   45|          0|
    |select_ln22_11_reg_5758                            |   45|   0|   45|          0|
    |select_ln22_12_reg_5565                            |   54|   0|   54|          0|
    |select_ln22_13_reg_5582                            |   11|   0|   11|          0|
    |select_ln22_14_reg_5773                            |   45|   0|   45|          0|
    |select_ln22_15_reg_5778                            |   45|   0|   45|          0|
    |select_ln22_16_reg_5639                            |   54|   0|   54|          0|
    |select_ln22_17_reg_5656                            |   11|   0|   11|          0|
    |select_ln22_18_reg_5793                            |   45|   0|   45|          0|
    |select_ln22_19_reg_5798                            |   45|   0|   45|          0|
    |select_ln22_1_reg_5356                             |   11|   0|   11|          0|
    |select_ln22_2_reg_5713                             |   45|   0|   45|          0|
    |select_ln22_3_reg_5718                             |   45|   0|   45|          0|
    |select_ln22_4_reg_5417                             |   54|   0|   54|          0|
    |select_ln22_5_reg_5434                             |   11|   0|   11|          0|
    |select_ln22_6_reg_5733                             |   45|   0|   45|          0|
    |select_ln22_7_reg_5738                             |   45|   0|   45|          0|
    |select_ln22_8_reg_5491                             |   54|   0|   54|          0|
    |select_ln22_9_reg_5508                             |   11|   0|   11|          0|
    |select_ln22_reg_5345                               |   54|   0|   54|          0|
    |select_ln23_10_reg_5763                            |   45|   0|   45|          0|
    |select_ln23_11_reg_5768                            |   45|   0|   45|          0|
    |select_ln23_12_reg_5602                            |   54|   0|   54|          0|
    |select_ln23_13_reg_5619                            |   11|   0|   11|          0|
    |select_ln23_14_reg_5783                            |   45|   0|   45|          0|
    |select_ln23_15_reg_5788                            |   45|   0|   45|          0|
    |select_ln23_16_reg_5676                            |   54|   0|   54|          0|
    |select_ln23_17_reg_5693                            |   11|   0|   11|          0|
    |select_ln23_18_reg_5803                            |   45|   0|   45|          0|
    |select_ln23_19_reg_5808                            |   45|   0|   45|          0|
    |select_ln23_1_reg_5397                             |   11|   0|   11|          0|
    |select_ln23_2_reg_5723                             |   45|   0|   45|          0|
    |select_ln23_3_reg_5728                             |   45|   0|   45|          0|
    |select_ln23_4_reg_5454                             |   54|   0|   54|          0|
    |select_ln23_5_reg_5471                             |   11|   0|   11|          0|
    |select_ln23_6_reg_5743                             |   45|   0|   45|          0|
    |select_ln23_7_reg_5748                             |   45|   0|   45|          0|
    |select_ln23_8_reg_5528                             |   54|   0|   54|          0|
    |select_ln23_9_reg_5545                             |   11|   0|   11|          0|
    |select_ln23_reg_5380                               |   54|   0|   54|          0|
    |tmp_10_reg_5140                                    |    1|   0|    1|          0|
    |tmp_10_reg_5140_pp0_iter20_reg                     |    1|   0|    1|          0|
    |tmp_11_reg_5100                                    |   32|   0|   32|          0|
    |tmp_12_reg_5161                                    |    1|   0|    1|          0|
    |tmp_12_reg_5161_pp0_iter20_reg                     |    1|   0|    1|          0|
    |tmp_13_reg_5209                                    |   11|   0|   11|          0|
    |tmp_14_reg_4793                                    |    8|   0|    8|          0|
    |tmp_15_reg_5105                                    |   32|   0|   32|          0|
    |tmp_16_reg_5182                                    |    1|   0|    1|          0|
    |tmp_16_reg_5182_pp0_iter20_reg                     |    1|   0|    1|          0|
    |tmp_17_reg_5230                                    |   11|   0|   11|          0|
    |tmp_18_reg_5203                                    |    1|   0|    1|          0|
    |tmp_18_reg_5203_pp0_iter20_reg                     |    1|   0|    1|          0|
    |tmp_19_reg_5110                                    |   32|   0|   32|          0|
    |tmp_1_reg_4830                                     |   45|   0|   45|          0|
    |tmp_20_reg_4798                                    |    8|   0|    8|          0|
    |tmp_21_reg_5251                                    |   11|   0|   11|          0|
    |tmp_22_reg_5224                                    |    1|   0|    1|          0|
    |tmp_22_reg_5224_pp0_iter20_reg                     |    1|   0|    1|          0|
    |tmp_23_reg_5115                                    |   32|   0|   32|          0|
    |tmp_24_reg_5245                                    |    1|   0|    1|          0|
    |tmp_24_reg_5245_pp0_iter20_reg                     |    1|   0|    1|          0|
    |tmp_25_reg_5272                                    |   11|   0|   11|          0|
    |tmp_26_reg_4815                                    |    8|   0|    8|          0|
    |tmp_27_reg_5120                                    |   32|   0|   32|          0|
    |tmp_28_reg_5266                                    |    1|   0|    1|          0|
    |tmp_28_reg_5266_pp0_iter20_reg                     |    1|   0|    1|          0|
    |tmp_29_reg_5287                                    |    1|   0|    1|          0|
    |tmp_29_reg_5287_pp0_iter20_reg                     |    1|   0|    1|          0|
    |tmp_2_reg_5085                                     |   32|   0|   32|          0|
    |tmp_30_reg_5293                                    |   11|   0|   11|          0|
    |tmp_31_reg_4536                                    |    1|   0|    1|          0|
    |tmp_32_reg_4820                                    |    8|   0|    8|          0|
    |tmp_33_reg_5125                                    |   32|   0|   32|          0|
    |tmp_34_reg_5308                                    |    1|   0|    1|          0|
    |tmp_34_reg_5308_pp0_iter20_reg                     |    1|   0|    1|          0|
    |tmp_35_reg_5314                                    |   11|   0|   11|          0|
    |tmp_36_reg_5130                                    |   32|   0|   32|          0|
    |tmp_37_reg_5329                                    |    1|   0|    1|          0|
    |tmp_37_reg_5329_pp0_iter20_reg                     |    1|   0|    1|          0|
    |tmp_38_reg_5335                                    |   11|   0|   11|          0|
    |tmp_3_reg_4549                                     |    9|   0|    9|          0|
    |tmp_4_reg_5146                                     |   11|   0|   11|          0|
    |tmp_5_reg_4554                                     |    8|   0|    8|          0|
    |tmp_6_reg_5095                                     |   32|   0|   32|          0|
    |tmp_7_reg_5090                                     |   32|   0|   32|          0|
    |tmp_8_reg_4788                                     |    8|   0|    8|          0|
    |tmp_9_reg_5167                                     |   11|   0|   11|          0|
    |tmp_reg_4825                                       |   45|   0|   45|          0|
    |tmp_s_reg_5188                                     |   11|   0|   11|          0|
    |trunc_ln17_reg_4521                                |   10|   0|   10|          0|
    |trunc_ln22_10_reg_5219                             |   63|   0|   63|          0|
    |trunc_ln22_11_reg_5235                             |   52|   0|   52|          0|
    |trunc_ln22_13_reg_5522                             |   45|   0|   45|          0|
    |trunc_ln22_13_reg_5522_pp0_iter21_reg              |   45|   0|   45|          0|
    |trunc_ln22_15_reg_5261                             |   63|   0|   63|          0|
    |trunc_ln22_16_reg_5277                             |   52|   0|   52|          0|
    |trunc_ln22_18_reg_5596                             |   45|   0|   45|          0|
    |trunc_ln22_18_reg_5596_pp0_iter21_reg              |   45|   0|   45|          0|
    |trunc_ln22_1_reg_5151                              |   52|   0|   52|          0|
    |trunc_ln22_20_reg_5303                             |   63|   0|   63|          0|
    |trunc_ln22_21_reg_5319                             |   52|   0|   52|          0|
    |trunc_ln22_23_reg_5670                             |   45|   0|   45|          0|
    |trunc_ln22_23_reg_5670_pp0_iter21_reg              |   45|   0|   45|          0|
    |trunc_ln22_3_reg_5369                              |   45|   0|   45|          0|
    |trunc_ln22_3_reg_5369_pp0_iter21_reg               |   45|   0|   45|          0|
    |trunc_ln22_5_reg_5177                              |   63|   0|   63|          0|
    |trunc_ln22_6_reg_5193                              |   52|   0|   52|          0|
    |trunc_ln22_8_reg_5448                              |   45|   0|   45|          0|
    |trunc_ln22_8_reg_5448_pp0_iter21_reg               |   45|   0|   45|          0|
    |trunc_ln22_reg_5135                                |   63|   0|   63|          0|
    |trunc_ln23_10_reg_5240                             |   63|   0|   63|          0|
    |trunc_ln23_11_reg_5256                             |   52|   0|   52|          0|
    |trunc_ln23_13_reg_5559                             |   45|   0|   45|          0|
    |trunc_ln23_13_reg_5559_pp0_iter21_reg              |   45|   0|   45|          0|
    |trunc_ln23_15_reg_5282                             |   63|   0|   63|          0|
    |trunc_ln23_16_reg_5298                             |   52|   0|   52|          0|
    |trunc_ln23_18_reg_5633                             |   45|   0|   45|          0|
    |trunc_ln23_18_reg_5633_pp0_iter21_reg              |   45|   0|   45|          0|
    |trunc_ln23_1_reg_5172                              |   52|   0|   52|          0|
    |trunc_ln23_20_reg_5324                             |   63|   0|   63|          0|
    |trunc_ln23_21_reg_5340                             |   52|   0|   52|          0|
    |trunc_ln23_23_reg_5707                             |   45|   0|   45|          0|
    |trunc_ln23_23_reg_5707_pp0_iter21_reg              |   45|   0|   45|          0|
    |trunc_ln23_3_reg_5411                              |   45|   0|   45|          0|
    |trunc_ln23_3_reg_5411_pp0_iter21_reg               |   45|   0|   45|          0|
    |trunc_ln23_5_reg_5198                              |   63|   0|   63|          0|
    |trunc_ln23_6_reg_5214                              |   52|   0|   52|          0|
    |trunc_ln23_8_reg_5485                              |   45|   0|   45|          0|
    |trunc_ln23_8_reg_5485_pp0_iter21_reg               |   45|   0|   45|          0|
    |trunc_ln23_reg_5156                                |   63|   0|   63|          0|
    |trunc_ln25_1_reg_6061                              |   45|   0|   45|          0|
    |trunc_ln25_2_reg_6071                              |   45|   0|   45|          0|
    |trunc_ln25_3_reg_6081                              |   45|   0|   45|          0|
    |trunc_ln25_4_reg_6091                              |   45|   0|   45|          0|
    |trunc_ln26_1_reg_6066                              |   45|   0|   45|          0|
    |trunc_ln26_2_reg_6076                              |   45|   0|   45|          0|
    |trunc_ln26_3_reg_6086                              |   45|   0|   45|          0|
    |trunc_ln26_4_reg_6096                              |   45|   0|   45|          0|
    |trunc_ln4_reg_6051                                 |   45|   0|   45|          0|
    |trunc_ln5_reg_6056                                 |   45|   0|   45|          0|
    |xor_ln18_reg_4540                                  |    1|   0|    1|          0|
    |empty_reg_4530                                     |   64|  32|   10|          0|
    |imag_op_0_addr_reg_4615                            |   64|  32|    8|          0|
    |imag_op_0_load_reg_4730                            |   64|  32|   45|          0|
    |imag_op_1_addr_reg_4627                            |   64|  32|    8|          0|
    |imag_op_1_load_reg_4746                            |   64|  32|   45|          0|
    |imag_op_2_addr_reg_4639                            |   64|  32|    8|          0|
    |imag_op_2_load_reg_4763                            |   64|  32|   45|          0|
    |imag_op_3_addr_reg_4651                            |   64|  32|    8|          0|
    |imag_op_3_load_reg_4773                            |   64|  32|   45|          0|
    |imag_op_4_addr_reg_4663                            |   64|  32|    8|          0|
    |imag_op_4_load_reg_4783                            |   64|  32|   45|          0|
    |imag_sample_0_load_reg_4694                        |   64|  32|   45|          0|
    |imag_sample_1_load_reg_4699                        |   64|  32|   45|          0|
    |imag_sample_2_load_reg_4704                        |   64|  32|   45|          0|
    |imag_sample_3_load_reg_4709                        |   64|  32|   45|          0|
    |imag_sample_4_load_reg_4714                        |   64|  32|   45|          0|
    |real_op_0_addr_reg_4609                            |   64|  32|    8|          0|
    |real_op_0_load_reg_4725                            |   64|  32|   45|          0|
    |real_op_1_addr_reg_4621                            |   64|  32|    8|          0|
    |real_op_1_load_reg_4741                            |   64|  32|   45|          0|
    |real_op_2_addr_reg_4633                            |   64|  32|    8|          0|
    |real_op_2_load_reg_4758                            |   64|  32|   45|          0|
    |real_op_3_addr_reg_4645                            |   64|  32|    8|          0|
    |real_op_3_load_reg_4768                            |   64|  32|   45|          0|
    |real_op_4_addr_reg_4657                            |   64|  32|    8|          0|
    |real_op_4_load_reg_4778                            |   64|  32|   45|          0|
    |real_sample_0_load_reg_4669                        |   64|  32|   45|          0|
    |real_sample_1_load_reg_4674                        |   64|  32|   45|          0|
    |real_sample_2_load_reg_4679                        |   64|  32|   45|          0|
    |real_sample_3_load_reg_4684                        |   64|  32|   45|          0|
    |real_sample_4_load_reg_4689                        |   64|  32|   45|          0|
    |tmp_14_reg_4793                                    |   64|  32|    8|          0|
    |tmp_1_reg_4830                                     |   64|  32|   45|          0|
    |tmp_20_reg_4798                                    |   64|  32|    8|          0|
    |tmp_26_reg_4815                                    |   64|  32|    8|          0|
    |tmp_31_reg_4536                                    |   64|  32|    1|          0|
    |tmp_32_reg_4820                                    |   64|  32|    8|          0|
    |tmp_8_reg_4788                                     |   64|  32|    8|          0|
    |tmp_reg_4825                                       |   64|  32|   45|          0|
    |trunc_ln17_reg_4521                                |   64|  32|   10|          0|
    +---------------------------------------------------+-----+----+-----+-----------+
    |Total                                              |10321|1280| 8892|          0|
    +---------------------------------------------------+-----+----+-----+-----------+



================================================================
== Interface
================================================================
* Summary: 
+------------------------+-----+-----+------------+---------------+--------------+
|        RTL Ports       | Dir | Bits|  Protocol  | Source Object |    C Type    |
+------------------------+-----+-----+------------+---------------+--------------+
|ap_clk                  |   in|    1|  ap_ctrl_hs|            dft|  return value|
|ap_rst                  |   in|    1|  ap_ctrl_hs|            dft|  return value|
|ap_start                |   in|    1|  ap_ctrl_hs|            dft|  return value|
|ap_done                 |  out|    1|  ap_ctrl_hs|            dft|  return value|
|ap_idle                 |  out|    1|  ap_ctrl_hs|            dft|  return value|
|ap_ready                |  out|    1|  ap_ctrl_hs|            dft|  return value|
|real_sample_0_address0  |  out|    8|   ap_memory|  real_sample_0|         array|
|real_sample_0_ce0       |  out|    1|   ap_memory|  real_sample_0|         array|
|real_sample_0_q0        |   in|   45|   ap_memory|  real_sample_0|         array|
|real_sample_1_address0  |  out|    8|   ap_memory|  real_sample_1|         array|
|real_sample_1_ce0       |  out|    1|   ap_memory|  real_sample_1|         array|
|real_sample_1_q0        |   in|   45|   ap_memory|  real_sample_1|         array|
|real_sample_2_address0  |  out|    8|   ap_memory|  real_sample_2|         array|
|real_sample_2_ce0       |  out|    1|   ap_memory|  real_sample_2|         array|
|real_sample_2_q0        |   in|   45|   ap_memory|  real_sample_2|         array|
|real_sample_3_address0  |  out|    8|   ap_memory|  real_sample_3|         array|
|real_sample_3_ce0       |  out|    1|   ap_memory|  real_sample_3|         array|
|real_sample_3_q0        |   in|   45|   ap_memory|  real_sample_3|         array|
|real_sample_4_address0  |  out|    8|   ap_memory|  real_sample_4|         array|
|real_sample_4_ce0       |  out|    1|   ap_memory|  real_sample_4|         array|
|real_sample_4_q0        |   in|   45|   ap_memory|  real_sample_4|         array|
|imag_sample_0_address0  |  out|    8|   ap_memory|  imag_sample_0|         array|
|imag_sample_0_ce0       |  out|    1|   ap_memory|  imag_sample_0|         array|
|imag_sample_0_q0        |   in|   45|   ap_memory|  imag_sample_0|         array|
|imag_sample_1_address0  |  out|    8|   ap_memory|  imag_sample_1|         array|
|imag_sample_1_ce0       |  out|    1|   ap_memory|  imag_sample_1|         array|
|imag_sample_1_q0        |   in|   45|   ap_memory|  imag_sample_1|         array|
|imag_sample_2_address0  |  out|    8|   ap_memory|  imag_sample_2|         array|
|imag_sample_2_ce0       |  out|    1|   ap_memory|  imag_sample_2|         array|
|imag_sample_2_q0        |   in|   45|   ap_memory|  imag_sample_2|         array|
|imag_sample_3_address0  |  out|    8|   ap_memory|  imag_sample_3|         array|
|imag_sample_3_ce0       |  out|    1|   ap_memory|  imag_sample_3|         array|
|imag_sample_3_q0        |   in|   45|   ap_memory|  imag_sample_3|         array|
|imag_sample_4_address0  |  out|    8|   ap_memory|  imag_sample_4|         array|
|imag_sample_4_ce0       |  out|    1|   ap_memory|  imag_sample_4|         array|
|imag_sample_4_q0        |   in|   45|   ap_memory|  imag_sample_4|         array|
|real_op_0_address0      |  out|    8|   ap_memory|      real_op_0|         array|
|real_op_0_ce0           |  out|    1|   ap_memory|      real_op_0|         array|
|real_op_0_we0           |  out|    1|   ap_memory|      real_op_0|         array|
|real_op_0_d0            |  out|   45|   ap_memory|      real_op_0|         array|
|real_op_0_address1      |  out|    8|   ap_memory|      real_op_0|         array|
|real_op_0_ce1           |  out|    1|   ap_memory|      real_op_0|         array|
|real_op_0_q1            |   in|   45|   ap_memory|      real_op_0|         array|
|real_op_1_address0      |  out|    8|   ap_memory|      real_op_1|         array|
|real_op_1_ce0           |  out|    1|   ap_memory|      real_op_1|         array|
|real_op_1_we0           |  out|    1|   ap_memory|      real_op_1|         array|
|real_op_1_d0            |  out|   45|   ap_memory|      real_op_1|         array|
|real_op_1_address1      |  out|    8|   ap_memory|      real_op_1|         array|
|real_op_1_ce1           |  out|    1|   ap_memory|      real_op_1|         array|
|real_op_1_q1            |   in|   45|   ap_memory|      real_op_1|         array|
|real_op_2_address0      |  out|    8|   ap_memory|      real_op_2|         array|
|real_op_2_ce0           |  out|    1|   ap_memory|      real_op_2|         array|
|real_op_2_we0           |  out|    1|   ap_memory|      real_op_2|         array|
|real_op_2_d0            |  out|   45|   ap_memory|      real_op_2|         array|
|real_op_2_address1      |  out|    8|   ap_memory|      real_op_2|         array|
|real_op_2_ce1           |  out|    1|   ap_memory|      real_op_2|         array|
|real_op_2_q1            |   in|   45|   ap_memory|      real_op_2|         array|
|real_op_3_address0      |  out|    8|   ap_memory|      real_op_3|         array|
|real_op_3_ce0           |  out|    1|   ap_memory|      real_op_3|         array|
|real_op_3_we0           |  out|    1|   ap_memory|      real_op_3|         array|
|real_op_3_d0            |  out|   45|   ap_memory|      real_op_3|         array|
|real_op_3_address1      |  out|    8|   ap_memory|      real_op_3|         array|
|real_op_3_ce1           |  out|    1|   ap_memory|      real_op_3|         array|
|real_op_3_q1            |   in|   45|   ap_memory|      real_op_3|         array|
|real_op_4_address0      |  out|    8|   ap_memory|      real_op_4|         array|
|real_op_4_ce0           |  out|    1|   ap_memory|      real_op_4|         array|
|real_op_4_we0           |  out|    1|   ap_memory|      real_op_4|         array|
|real_op_4_d0            |  out|   45|   ap_memory|      real_op_4|         array|
|real_op_4_address1      |  out|    8|   ap_memory|      real_op_4|         array|
|real_op_4_ce1           |  out|    1|   ap_memory|      real_op_4|         array|
|real_op_4_q1            |   in|   45|   ap_memory|      real_op_4|         array|
|imag_op_0_address0      |  out|    8|   ap_memory|      imag_op_0|         array|
|imag_op_0_ce0           |  out|    1|   ap_memory|      imag_op_0|         array|
|imag_op_0_we0           |  out|    1|   ap_memory|      imag_op_0|         array|
|imag_op_0_d0            |  out|   45|   ap_memory|      imag_op_0|         array|
|imag_op_0_address1      |  out|    8|   ap_memory|      imag_op_0|         array|
|imag_op_0_ce1           |  out|    1|   ap_memory|      imag_op_0|         array|
|imag_op_0_q1            |   in|   45|   ap_memory|      imag_op_0|         array|
|imag_op_1_address0      |  out|    8|   ap_memory|      imag_op_1|         array|
|imag_op_1_ce0           |  out|    1|   ap_memory|      imag_op_1|         array|
|imag_op_1_we0           |  out|    1|   ap_memory|      imag_op_1|         array|
|imag_op_1_d0            |  out|   45|   ap_memory|      imag_op_1|         array|
|imag_op_1_address1      |  out|    8|   ap_memory|      imag_op_1|         array|
|imag_op_1_ce1           |  out|    1|   ap_memory|      imag_op_1|         array|
|imag_op_1_q1            |   in|   45|   ap_memory|      imag_op_1|         array|
|imag_op_2_address0      |  out|    8|   ap_memory|      imag_op_2|         array|
|imag_op_2_ce0           |  out|    1|   ap_memory|      imag_op_2|         array|
|imag_op_2_we0           |  out|    1|   ap_memory|      imag_op_2|         array|
|imag_op_2_d0            |  out|   45|   ap_memory|      imag_op_2|         array|
|imag_op_2_address1      |  out|    8|   ap_memory|      imag_op_2|         array|
|imag_op_2_ce1           |  out|    1|   ap_memory|      imag_op_2|         array|
|imag_op_2_q1            |   in|   45|   ap_memory|      imag_op_2|         array|
|imag_op_3_address0      |  out|    8|   ap_memory|      imag_op_3|         array|
|imag_op_3_ce0           |  out|    1|   ap_memory|      imag_op_3|         array|
|imag_op_3_we0           |  out|    1|   ap_memory|      imag_op_3|         array|
|imag_op_3_d0            |  out|   45|   ap_memory|      imag_op_3|         array|
|imag_op_3_address1      |  out|    8|   ap_memory|      imag_op_3|         array|
|imag_op_3_ce1           |  out|    1|   ap_memory|      imag_op_3|         array|
|imag_op_3_q1            |   in|   45|   ap_memory|      imag_op_3|         array|
|imag_op_4_address0      |  out|    8|   ap_memory|      imag_op_4|         array|
|imag_op_4_ce0           |  out|    1|   ap_memory|      imag_op_4|         array|
|imag_op_4_we0           |  out|    1|   ap_memory|      imag_op_4|         array|
|imag_op_4_d0            |  out|   45|   ap_memory|      imag_op_4|         array|
|imag_op_4_address1      |  out|    8|   ap_memory|      imag_op_4|         array|
|imag_op_4_ce1           |  out|    1|   ap_memory|      imag_op_4|         array|
|imag_op_4_q1            |   in|   45|   ap_memory|      imag_op_4|         array|
+------------------------+-----+-----+------------+---------------+--------------+

